2026-06-16 18:37:10,842 | INFO | Starting ENHANCED data quality analysis
2026-06-16 18:37:10,842 | INFO | Features: DB connectivity, Multi-format support, Dashboard, Aggregation, Newline fixing
2026-06-16 18:37:10,842 | INFO | Loading input file: C:\Users\000QVU744\BoB\DQ_Analysis_code\dq_web_app\uploads\4c1f14f3_EMP_DATA_test.csv
2026-06-16 18:37:10,842 | INFO | Loaded dataset with 6 rows and 4 columns
2026-06-16 18:37:10,842 | INFO | Calculating baseline quality score on original data...
2026-06-16 18:37:10,859 | INFO | Good records: 4, Bad records: 2
2026-06-16 18:37:10,875 | INFO | Baseline quality score: 66.67%
2026-06-16 18:37:10,875 | INFO | Applying data cleansing...
2026-06-16 18:37:10,875 | INFO | Starting data cleansing process...
2026-06-16 18:37:10,875 | INFO | Data cleansing completed: 0 operations, 0 total records affected
2026-06-16 18:37:10,875 | INFO | Original records: 6, Cleansed records: 6
2026-06-16 18:37:10,875 | INFO | Data cleansing completed. Records: 6 -> 6
2026-06-16 18:37:10,875 | INFO | Cleansed data saved to: C:\Users\000QVU744\BoB\DQ_Analysis_code\dq_web_app\reports\4c1f14f3\cleansed_data.csv
2026-06-16 18:37:10,875 | INFO | Calculating quality score on cleansed data...
2026-06-16 18:37:10,892 | INFO | Good records: 4, Bad records: 2
2026-06-16 18:37:10,892 | INFO | Quality score after cleansing: 66.67%
2026-06-16 18:37:10,892 | INFO | Quality improvement: +0.00%
2026-06-16 18:37:10,925 | INFO | Good records: 4, Bad records: 2
2026-06-16 18:37:10,960 | INFO | Good records file created: 4 clean records
2026-06-16 18:37:10,960 | INFO | Skipping empty bad records file for category: null_blank
2026-06-16 18:37:10,960 | INFO | Skipping empty bad records file for category: duplicates
2026-06-16 18:37:10,960 | INFO | Skipping empty bad records file for category: duplicate_primary_keys
2026-06-16 18:37:10,960 | INFO | Skipping empty bad records file for category: outliers
2026-06-16 18:37:10,960 | INFO | Skipping empty bad records file for category: mixed_types
2026-06-16 18:37:10,974 | INFO | Skipping empty bad records file for category: invalid_emails
2026-06-16 18:37:10,974 | INFO | Skipping empty bad records file for category: negative_values
2026-06-16 18:37:10,974 | INFO | Skipping empty bad records file for category: special_characters
2026-06-16 18:37:10,975 | INFO | Skipping empty bad records file for category: missing_mandatory_columns
2026-06-16 18:37:10,975 | INFO | Skipping empty bad records file for category: mandatory_field_violations
2026-06-16 18:37:10,975 | INFO | Skipping empty bad records file for category: datatype_violations
2026-06-16 18:37:10,975 | INFO | Skipping empty bad records file for category: range_violations
2026-06-16 18:37:10,975 | INFO | Skipping empty bad records file for category: pattern_violations
2026-06-16 18:37:10,975 | INFO | Skipping empty bad records file for category: allowed_value_violations
2026-06-16 18:37:10,975 | INFO | Skipping empty bad records file for category: referential_integrity
2026-06-16 18:37:10,975 | INFO | Skipping empty bad records file for category: business_rule_violations
2026-06-16 18:37:10,975 | INFO | Bad record files: 1 created, 16 skipped (no issues found)
2026-06-16 18:37:11,578 | INFO | Aggregated metrics saved
2026-06-16 18:37:11,592 | INFO | Executive summary report generated
2026-06-16 18:37:11,592 | INFO | Generating executive dashboard...
2026-06-16 18:37:11,600 | INFO | Executive dashboard saved to: C:\Users\000QVU744\BoB\DQ_Analysis_code\dq_web_app\reports\4c1f14f3\dq_executive_dashboard.html
2026-06-16 18:37:11,601 | INFO | Data quality analysis completed successfully
