2026-06-15 18:40:23,797 | INFO | Starting ENHANCED data quality analysis
2026-06-15 18:40:23,799 | INFO | Features: DB connectivity, Multi-format support, Dashboard, Aggregation, Newline fixing
2026-06-15 18:40:23,799 | INFO | Loading input file: C:\Users\000QVU744\BoB\DQ_Analysis_code\dq_web_app\uploads\7b330367_DQ_Test_20K.csv
2026-06-15 18:40:24,462 | INFO | Loaded dataset with 20000 rows and 7 columns
2026-06-15 18:40:24,463 | INFO | Calculating baseline quality score on original data...
2026-06-15 18:40:25,630 | INFO | Good records: 19000, Bad records: 1000
2026-06-15 18:40:25,632 | INFO | Baseline quality score: 95.00%
2026-06-15 18:40:27,474 | INFO | Good records: 19000, Bad records: 1000
2026-06-15 18:40:27,798 | INFO | Good records file created: 19000 clean records
2026-06-15 18:40:27,837 | INFO | Skipping empty bad records file for category: duplicates
2026-06-15 18:40:27,837 | INFO | Skipping empty bad records file for category: duplicate_primary_keys
2026-06-15 18:40:27,849 | INFO | Skipping empty bad records file for category: mixed_types
2026-06-15 18:40:27,849 | INFO | Skipping empty bad records file for category: invalid_dates
2026-06-15 18:40:27,865 | INFO | Skipping empty bad records file for category: special_characters
2026-06-15 18:40:27,865 | INFO | Skipping empty bad records file for category: missing_mandatory_columns
2026-06-15 18:40:27,865 | INFO | Skipping empty bad records file for category: mandatory_field_violations
2026-06-15 18:40:27,867 | INFO | Skipping empty bad records file for category: datatype_violations
2026-06-15 18:40:27,883 | INFO | Skipping empty bad records file for category: allowed_value_violations
2026-06-15 18:40:27,883 | INFO | Skipping empty bad records file for category: referential_integrity
2026-06-15 18:40:27,883 | INFO | Skipping empty bad records file for category: business_rule_violations
2026-06-15 18:40:27,883 | INFO | Bad record files: 6 created, 11 skipped (no issues found)
2026-06-15 18:40:28,933 | INFO | Aggregated metrics saved
2026-06-15 18:40:28,954 | INFO | Executive summary report generated
2026-06-15 18:40:28,954 | INFO | Generating executive dashboard...
2026-06-15 18:40:28,964 | INFO | Executive dashboard saved to: C:\Users\000QVU744\BoB\DQ_Analysis_code\dq_web_app\reports\7b330367\dq_executive_dashboard.html
2026-06-15 18:40:28,966 | INFO | Data quality analysis completed successfully
