2026-06-19 16:45:12,116 | INFO | Starting ENHANCED data quality analysis
2026-06-19 16:45:12,117 | INFO | Features: DB connectivity, Multi-format support, Dashboard, Aggregation, Newline fixing
2026-06-19 16:45:12,117 | INFO | Loading input file: C:\Users\000QVU744\BoB\DQ_Analysis_code\dq_web_app\uploads\50ee21a8_DQ_Test_20K.csv
2026-06-19 16:45:12,532 | INFO | Loaded dataset with 20000 rows and 7 columns
2026-06-19 16:45:12,532 | INFO | Calculating baseline quality score on original data...
2026-06-19 16:45:13,248 | INFO | Good records: 19000, Bad records: 1000
2026-06-19 16:45:13,249 | INFO | Baseline quality score: 95.00%
2026-06-19 16:45:13,249 | INFO | Applying data cleansing...
2026-06-19 16:45:13,249 | INFO | Starting data cleansing process...
2026-06-19 16:45:13,288 | INFO | Normalized emails in EMAIL: 150 records
2026-06-19 16:45:13,351 | INFO | Fixed negative values in SALARY: 100 records
2026-06-19 16:45:13,398 | INFO | Data cleansing completed: 2 operations, 250 total records affected
2026-06-19 16:45:13,398 | INFO | Original records: 20000, Cleansed records: 20000
2026-06-19 16:45:13,398 | INFO | Data cleansing completed. Records: 20000 -> 20000
2026-06-19 16:45:13,547 | INFO | Cleansed data saved to: C:\Users\000QVU744\BoB\DQ_Analysis_code\dq_web_app\reports\50ee21a8\cleansed_data.csv
2026-06-19 16:45:13,547 | INFO | Calculating quality score on cleansed data...
2026-06-19 16:45:14,102 | INFO | Good records: 19050, Bad records: 950
2026-06-19 16:45:14,102 | INFO | Quality score after cleansing: 95.25%
2026-06-19 16:45:14,102 | INFO | Quality improvement: +0.25%
2026-06-19 16:45:15,219 | INFO | Good records: 19050, Bad records: 950
2026-06-19 16:45:15,471 | INFO | Good records file created: 19050 clean records
2026-06-19 16:45:15,503 | INFO | Skipping empty bad records file for category: duplicates
2026-06-19 16:45:15,503 | INFO | Skipping empty bad records file for category: duplicate_primary_keys
2026-06-19 16:45:15,515 | INFO | Skipping empty bad records file for category: mixed_types
2026-06-19 16:45:15,516 | INFO | Skipping empty bad records file for category: invalid_dates
2026-06-19 16:45:15,524 | INFO | Skipping empty bad records file for category: negative_values
2026-06-19 16:45:15,524 | INFO | Skipping empty bad records file for category: special_characters
2026-06-19 16:45:15,525 | INFO | Skipping empty bad records file for category: missing_mandatory_columns
2026-06-19 16:45:15,525 | INFO | Skipping empty bad records file for category: mandatory_field_violations
2026-06-19 16:45:15,525 | INFO | Skipping empty bad records file for category: datatype_violations
2026-06-19 16:45:15,525 | INFO | Skipping empty bad records file for category: range_violations
2026-06-19 16:45:15,538 | INFO | Skipping empty bad records file for category: allowed_value_violations
2026-06-19 16:45:15,538 | INFO | Skipping empty bad records file for category: referential_integrity
2026-06-19 16:45:15,538 | INFO | Skipping empty bad records file for category: business_rule_violations
2026-06-19 16:45:15,538 | INFO | Bad record files: 4 created, 13 skipped (no issues found)
2026-06-19 16:45:15,544 | INFO | Cleansing log saved: 2 operations logged
2026-06-19 16:45:16,487 | INFO | Aggregated metrics saved
2026-06-19 16:45:16,498 | INFO | Executive summary report generated
2026-06-19 16:45:16,498 | INFO | Generating executive dashboard...
2026-06-19 16:45:16,513 | INFO | Executive dashboard saved to: C:\Users\000QVU744\BoB\DQ_Analysis_code\dq_web_app\reports\50ee21a8\dq_executive_dashboard.html
2026-06-19 16:45:16,515 | INFO | Data quality analysis completed successfully
