2026-06-16 10:48:28,312 | INFO | Starting ENHANCED data quality analysis
2026-06-16 10:48:28,313 | INFO | Features: DB connectivity, Multi-format support, Dashboard, Aggregation, Newline fixing
2026-06-16 10:48:28,313 | INFO | Loading input file: C:\Users\000QVU744\BoB\DQ_Analysis_code\dq_web_app\uploads\0a61350c_EMP_DATA_test.csv
2026-06-16 10:48:28,332 | INFO | Loaded dataset with 6 rows and 4 columns
2026-06-16 10:48:28,332 | INFO | Calculating baseline quality score on original data...
2026-06-16 10:48:28,360 | INFO | All 6 records are clean (no issues found)
2026-06-16 10:48:28,371 | INFO | Baseline quality score: 100.00%
2026-06-16 10:48:28,372 | INFO | Applying data cleansing...
2026-06-16 10:48:28,373 | INFO | Starting data cleansing process...
2026-06-16 10:48:28,377 | INFO | Data cleansing completed: 0 operations, 0 total records affected
2026-06-16 10:48:28,377 | INFO | Original records: 6, Cleansed records: 6
2026-06-16 10:48:28,378 | INFO | Data cleansing completed. Records: 6 -> 6
2026-06-16 10:48:28,388 | INFO | Cleansed data saved to: C:\Users\000QVU744\BoB\DQ_Analysis_code\dq_web_app\reports\0a61350c\cleansed_data.csv
2026-06-16 10:48:28,388 | INFO | Calculating quality score on cleansed data...
2026-06-16 10:48:28,411 | INFO | All 6 records are clean (no issues found)
2026-06-16 10:48:28,420 | INFO | Quality score after cleansing: 100.00%
2026-06-16 10:48:28,420 | INFO | Quality improvement: +0.00%
2026-06-16 10:48:28,482 | INFO | All 6 records are clean (no issues found)
2026-06-16 10:48:28,585 | INFO | Good records file created: 6 clean records
2026-06-16 10:48:28,585 | INFO | Skipping empty file: dq_all_bad_records.csv
2026-06-16 10:48:28,586 | INFO | Skipping empty bad records file for category: null_blank
2026-06-16 10:48:28,586 | INFO | Skipping empty bad records file for category: duplicates
2026-06-16 10:48:28,586 | INFO | Skipping empty bad records file for category: duplicate_primary_keys
2026-06-16 10:48:28,586 | INFO | Skipping empty bad records file for category: outliers
2026-06-16 10:48:28,586 | INFO | Skipping empty bad records file for category: mixed_types
2026-06-16 10:48:28,588 | INFO | Skipping empty bad records file for category: invalid_dates
2026-06-16 10:48:28,588 | INFO | Skipping empty bad records file for category: invalid_emails
2026-06-16 10:48:28,588 | INFO | Skipping empty bad records file for category: negative_values
2026-06-16 10:48:28,588 | INFO | Skipping empty bad records file for category: special_characters
2026-06-16 10:48:28,589 | INFO | Skipping empty bad records file for category: missing_mandatory_columns
2026-06-16 10:48:28,589 | INFO | Skipping empty bad records file for category: mandatory_field_violations
2026-06-16 10:48:28,589 | INFO | Skipping empty bad records file for category: datatype_violations
2026-06-16 10:48:28,589 | INFO | Skipping empty bad records file for category: range_violations
2026-06-16 10:48:28,590 | INFO | Skipping empty bad records file for category: pattern_violations
2026-06-16 10:48:28,590 | INFO | Skipping empty bad records file for category: allowed_value_violations
2026-06-16 10:48:28,590 | INFO | Skipping empty bad records file for category: referential_integrity
2026-06-16 10:48:28,590 | INFO | Skipping empty bad records file for category: business_rule_violations
2026-06-16 10:48:28,591 | INFO | Bad record files: 0 created, 17 skipped (no issues found)
2026-06-16 10:48:29,743 | INFO | Aggregated metrics saved
2026-06-16 10:48:29,757 | INFO | Executive summary report generated
2026-06-16 10:48:29,757 | INFO | Generating executive dashboard...
2026-06-16 10:48:29,768 | INFO | Executive dashboard saved to: C:\Users\000QVU744\BoB\DQ_Analysis_code\dq_web_app\reports\0a61350c\dq_executive_dashboard.html
2026-06-16 10:48:29,770 | INFO | Data quality analysis completed successfully
