2026-06-16 19:37:57,865 | INFO | Starting ENHANCED data quality analysis
2026-06-16 19:37:57,866 | INFO | Features: DB connectivity, Multi-format support, Dashboard, Aggregation, Newline fixing
2026-06-16 19:37:57,866 | INFO | Loading data from database...
2026-06-16 19:37:57,867 | INFO | Connecting to oracle database...
2026-06-16 19:37:58,568 | INFO | Successfully loaded 54 rows from database
2026-06-16 19:37:58,756 | INFO | Loaded dataset with 54 rows and 18 columns
2026-06-16 19:37:58,757 | INFO | Calculating baseline quality score on original data...
2026-06-16 19:37:59,176 | INFO | Good records: 33, Bad records: 21
2026-06-16 19:37:59,204 | INFO | Baseline quality score: 61.11%
2026-06-16 19:38:00,243 | INFO | Good records: 33, Bad records: 21
2026-06-16 19:38:00,431 | INFO | Good records file created: 33 clean records
2026-06-16 19:38:00,454 | INFO | Skipping empty bad records file for category: duplicates
2026-06-16 19:38:00,454 | INFO | Skipping empty bad records file for category: duplicate_primary_keys
2026-06-16 19:38:00,463 | INFO | Skipping empty bad records file for category: mixed_types
2026-06-16 19:38:00,463 | INFO | Skipping empty bad records file for category: invalid_dates
2026-06-16 19:38:00,476 | INFO | Skipping empty bad records file for category: negative_values
2026-06-16 19:38:00,476 | INFO | Skipping empty bad records file for category: special_characters
2026-06-16 19:38:00,477 | INFO | Skipping empty bad records file for category: missing_mandatory_columns
2026-06-16 19:38:00,477 | INFO | Skipping empty bad records file for category: mandatory_field_violations
2026-06-16 19:38:00,477 | INFO | Skipping empty bad records file for category: datatype_violations
2026-06-16 19:38:00,477 | INFO | Skipping empty bad records file for category: range_violations
2026-06-16 19:38:00,482 | INFO | Skipping empty bad records file for category: allowed_value_violations
2026-06-16 19:38:00,486 | INFO | Skipping empty bad records file for category: referential_integrity
2026-06-16 19:38:00,487 | INFO | Skipping empty bad records file for category: business_rule_violations
2026-06-16 19:38:00,487 | INFO | Bad record files: 4 created, 13 skipped (no issues found)
2026-06-16 19:38:02,389 | INFO | Aggregated metrics saved
2026-06-16 19:38:02,413 | INFO | Executive summary report generated
2026-06-16 19:38:02,415 | INFO | Generating executive dashboard...
2026-06-16 19:38:02,429 | INFO | Executive dashboard saved to: C:\Users\000QVU744\BoB\DQ_Analysis_code\dq_web_app\reports\b7dfc199\dq_executive_dashboard.html
2026-06-16 19:38:02,441 | INFO | Data quality analysis completed successfully
