2026-06-16 16:58:01,265 | INFO | Starting ENHANCED data quality analysis
2026-06-16 16:58:01,265 | INFO | Features: DB connectivity, Multi-format support, Dashboard, Aggregation, Newline fixing
2026-06-16 16:58:01,269 | INFO | Loading data from database...
2026-06-16 16:58:01,269 | INFO | Connecting to oracle database...
2026-06-16 16:58:01,997 | ERROR | Database connection failed: Execution failed on sql 'select * from CUSTOMERs where country_code='US'': (oracledb.exceptions.DatabaseError) ORA-00904: "COUNTRY_CODE": invalid identifier
Help: https://docs.oracle.com/error-help/db/ora-00904/
[SQL: select * from CUSTOMERs where country_code='US']
(Background on this error at: https://sqlalche.me/e/20/4xp6)
2026-06-16 16:58:01,998 | ERROR | Data quality analysis failed: Execution failed on sql 'select * from CUSTOMERs where country_code='US'': (oracledb.exceptions.DatabaseError) ORA-00904: "COUNTRY_CODE": invalid identifier
Help: https://docs.oracle.com/error-help/db/ora-00904/
[SQL: select * from CUSTOMERs where country_code='US']
(Background on this error at: https://sqlalche.me/e/20/4xp6)
2026-06-16 16:58:02,081 | ERROR | Traceback (most recent call last):
  File "C:\Users\000QVU744\AppData\Local\Programs\Python\Python312\Lib\site-packages\sqlalchemy\engine\base.py", line 1969, in _exec_single_context
    self.dialect.do_execute(
  File "C:\Users\000QVU744\AppData\Local\Programs\Python\Python312\Lib\site-packages\sqlalchemy\engine\default.py", line 952, in do_execute
    cursor.execute(statement, parameters)
  File "C:\Users\000QVU744\AppData\Local\Programs\Python\Python312\Lib\site-packages\oracledb\cursor.py", line 859, in execute
    impl.execute(self)
  File "src/oracledb/impl/thin/cursor.pyx", line 279, in oracledb.thin_impl.ThinCursorImpl.execute
  File "src/oracledb/impl/thin/protocol.pyx", line 501, in oracledb.thin_impl.Protocol._process_single_message
  File "src/oracledb/impl/thin/protocol.pyx", line 502, in oracledb.thin_impl.Protocol._process_single_message
  File "src/oracledb/impl/thin/protocol.pyx", line 494, in oracledb.thin_impl.Protocol._process_message
  File "src/oracledb/impl/thin/messages/base.pyx", line 102, in oracledb.thin_impl.Message._check_and_raise_exception
oracledb.exceptions.DatabaseError: ORA-00904: "COUNTRY_CODE": invalid identifier
Help: https://docs.oracle.com/error-help/db/ora-00904/

The above exception was the direct cause of the following exception:

Traceback (most recent call last):
  File "C:\Users\000QVU744\AppData\Local\Programs\Python\Python312\Lib\site-packages\pandas\io\sql.py", line 1679, in execute
    return execute_function(sql, *args)
           ^^^^^^^^^^^^^^^^^^^^^^^^^^^^
  File "C:\Users\000QVU744\AppData\Local\Programs\Python\Python312\Lib\site-packages\sqlalchemy\engine\base.py", line 1781, in exec_driver_sql
    ret = self._execute_context(
          ^^^^^^^^^^^^^^^^^^^^^^
  File "C:\Users\000QVU744\AppData\Local\Programs\Python\Python312\Lib\site-packages\sqlalchemy\engine\base.py", line 1848, in _execute_context
    return self._exec_single_context(
           ^^^^^^^^^^^^^^^^^^^^^^^^^^
  File "C:\Users\000QVU744\AppData\Local\Programs\Python\Python312\Lib\site-packages\sqlalchemy\engine\base.py", line 1988, in _exec_single_context
    self._handle_dbapi_exception(
  File "C:\Users\000QVU744\AppData\Local\Programs\Python\Python312\Lib\site-packages\sqlalchemy\engine\base.py", line 2365, in _handle_dbapi_exception
    raise sqlalchemy_exception.with_traceback(exc_info[2]) from e
  File "C:\Users\000QVU744\AppData\Local\Programs\Python\Python312\Lib\site-packages\sqlalchemy\engine\base.py", line 1969, in _exec_single_context
    self.dialect.do_execute(
  File "C:\Users\000QVU744\AppData\Local\Programs\Python\Python312\Lib\site-packages\sqlalchemy\engine\default.py", line 952, in do_execute
    cursor.execute(statement, parameters)
  File "C:\Users\000QVU744\AppData\Local\Programs\Python\Python312\Lib\site-packages\oracledb\cursor.py", line 859, in execute
    impl.execute(self)
  File "src/oracledb/impl/thin/cursor.pyx", line 279, in oracledb.thin_impl.ThinCursorImpl.execute
  File "src/oracledb/impl/thin/protocol.pyx", line 501, in oracledb.thin_impl.Protocol._process_single_message
  File "src/oracledb/impl/thin/protocol.pyx", line 502, in oracledb.thin_impl.Protocol._process_single_message
  File "src/oracledb/impl/thin/protocol.pyx", line 494, in oracledb.thin_impl.Protocol._process_message
  File "src/oracledb/impl/thin/messages/base.pyx", line 102, in oracledb.thin_impl.Message._check_and_raise_exception
sqlalchemy.exc.DatabaseError: (oracledb.exceptions.DatabaseError) ORA-00904: "COUNTRY_CODE": invalid identifier
Help: https://docs.oracle.com/error-help/db/ora-00904/
[SQL: select * from CUSTOMERs where country_code='US']
(Background on this error at: https://sqlalche.me/e/20/4xp6)

The above exception was the direct cause of the following exception:

Traceback (most recent call last):
  File "C:\Users\000QVU744\BoB\DQ_Analysis_code\data_quality_analysis.py", line 3990, in main
    df = load_input_data_enhanced(None, config)
         ^^^^^^^^^^^^^^^^^^^^^^^^^^^^^^^^^^^^^^
  File "C:\Users\000QVU744\BoB\DQ_Analysis_code\data_quality_analysis.py", line 906, in load_input_data_enhanced
    return load_from_database(config)
           ^^^^^^^^^^^^^^^^^^^^^^^^^^
  File "C:\Users\000QVU744\BoB\DQ_Analysis_code\data_quality_analysis.py", line 879, in load_from_database
    df = pd.read_sql(query, connection)
         ^^^^^^^^^^^^^^^^^^^^^^^^^^^^^^
  File "C:\Users\000QVU744\AppData\Local\Programs\Python\Python312\Lib\site-packages\pandas\io\sql.py", line 730, in read_sql
    return pandas_sql.read_query(
           ^^^^^^^^^^^^^^^^^^^^^^
  File "C:\Users\000QVU744\AppData\Local\Programs\Python\Python312\Lib\site-packages\pandas\io\sql.py", line 1856, in read_query
    result = self.execute(sql, params)
             ^^^^^^^^^^^^^^^^^^^^^^^^^
  File "C:\Users\000QVU744\AppData\Local\Programs\Python\Python312\Lib\site-packages\pandas\io\sql.py", line 1681, in execute
    raise DatabaseError(f"Execution failed on sql '{sql}': {exc}") from exc
pandas.errors.DatabaseError: Execution failed on sql 'select * from CUSTOMERs where country_code='US'': (oracledb.exceptions.DatabaseError) ORA-00904: "COUNTRY_CODE": invalid identifier
Help: https://docs.oracle.com/error-help/db/ora-00904/
[SQL: select * from CUSTOMERs where country_code='US']
(Background on this error at: https://sqlalche.me/e/20/4xp6)

