2026-06-16 15:59:55,425 | INFO | Starting ENHANCED data quality analysis
2026-06-16 15:59:55,426 | INFO | Features: DB connectivity, Multi-format support, Dashboard, Aggregation, Newline fixing
2026-06-16 15:59:55,426 | INFO | Loading data from database...
2026-06-16 15:59:55,426 | INFO | Connecting to oracle database...
2026-06-16 15:59:55,843 | INFO | Successfully loaded 20 rows from database
2026-06-16 15:59:55,909 | INFO | Loaded dataset with 20 rows and 18 columns
2026-06-16 15:59:55,909 | INFO | Calculating baseline quality score on original data...
2026-06-16 15:59:56,057 | INFO | All 20 records are clean (no issues found)
2026-06-16 15:59:56,065 | INFO | Baseline quality score: 100.00%
2026-06-16 15:59:56,357 | INFO | All 20 records are clean (no issues found)
2026-06-16 15:59:56,476 | INFO | Good records file created: 20 clean records
2026-06-16 15:59:56,476 | INFO | Skipping empty file: dq_all_bad_records.csv
2026-06-16 15:59:56,476 | INFO | Skipping empty bad records file for category: null_blank
2026-06-16 15:59:56,476 | INFO | Skipping empty bad records file for category: duplicates
2026-06-16 15:59:56,492 | INFO | Skipping empty bad records file for category: duplicate_primary_keys
2026-06-16 15:59:56,492 | INFO | Skipping empty bad records file for category: outliers
2026-06-16 15:59:56,492 | INFO | Skipping empty bad records file for category: mixed_types
2026-06-16 15:59:56,492 | INFO | Skipping empty bad records file for category: invalid_dates
2026-06-16 15:59:56,492 | INFO | Skipping empty bad records file for category: invalid_emails
2026-06-16 15:59:56,492 | INFO | Skipping empty bad records file for category: negative_values
2026-06-16 15:59:56,492 | INFO | Skipping empty bad records file for category: special_characters
2026-06-16 15:59:56,492 | INFO | Skipping empty bad records file for category: missing_mandatory_columns
2026-06-16 15:59:56,492 | INFO | Skipping empty bad records file for category: mandatory_field_violations
2026-06-16 15:59:56,492 | INFO | Skipping empty bad records file for category: datatype_violations
2026-06-16 15:59:56,492 | INFO | Skipping empty bad records file for category: range_violations
2026-06-16 15:59:56,495 | INFO | Skipping empty bad records file for category: pattern_violations
2026-06-16 15:59:56,495 | INFO | Skipping empty bad records file for category: allowed_value_violations
2026-06-16 15:59:56,495 | INFO | Skipping empty bad records file for category: referential_integrity
2026-06-16 15:59:56,495 | INFO | Skipping empty bad records file for category: business_rule_violations
2026-06-16 15:59:56,495 | INFO | Bad record files: 0 created, 17 skipped (no issues found)
2026-06-16 15:59:57,863 | INFO | Aggregated metrics saved
2026-06-16 15:59:57,875 | INFO | Executive summary report generated
2026-06-16 15:59:57,875 | INFO | Generating executive dashboard...
2026-06-16 15:59:57,892 | INFO | Executive dashboard saved to: C:\Users\000QVU744\BoB\DQ_Analysis_code\dq_web_app\reports\72c0d94e\dq_executive_dashboard.html
2026-06-16 15:59:57,894 | INFO | Data quality analysis completed successfully
