2026-06-15 19:36:39,734 | INFO | Starting ENHANCED data quality analysis
2026-06-15 19:36:39,734 | INFO | Features: DB connectivity, Multi-format support, Dashboard, Aggregation, Newline fixing
2026-06-15 19:36:39,734 | INFO | Loading input file: C:\Users\000QVU744\BoB\DQ_Analysis_code\dq_web_app\uploads\5888ec8c_DQ_Test_20K.csv
2026-06-15 19:36:39,972 | INFO | Loaded dataset with 20000 rows and 7 columns
2026-06-15 19:36:39,972 | INFO | Calculating baseline quality score on original data...
2026-06-15 19:36:40,333 | INFO | Good records: 19000, Bad records: 1000
2026-06-15 19:36:40,336 | INFO | Baseline quality score: 95.00%
2026-06-15 19:36:40,336 | INFO | Applying data cleansing...
2026-06-15 19:36:40,337 | INFO | Starting data cleansing process...
2026-06-15 19:36:40,351 | INFO | Normalized emails in EMAIL: 150 records
2026-06-15 19:36:40,388 | INFO | Fixed negative values in SALARY: 100 records
2026-06-15 19:36:40,420 | INFO | Data cleansing completed: 2 operations, 250 total records affected
2026-06-15 19:36:40,420 | INFO | Original records: 20000, Cleansed records: 20000
2026-06-15 19:36:40,420 | INFO | Data cleansing completed. Records: 20000 -> 20000
2026-06-15 19:36:40,499 | INFO | Cleansed data saved to: C:\Users\000QVU744\BoB\DQ_Analysis_code\dq_web_app\reports\5888ec8c\cleansed_data.csv
2026-06-15 19:36:40,500 | INFO | Calculating quality score on cleansed data...
2026-06-15 19:36:41,253 | INFO | Good records: 19050, Bad records: 950
2026-06-15 19:36:41,261 | INFO | Quality score after cleansing: 95.25%
2026-06-15 19:36:41,261 | INFO | Quality improvement: +0.25%
2026-06-15 19:36:42,585 | INFO | Good records: 19050, Bad records: 950
2026-06-15 19:36:42,851 | INFO | Good records file created: 19050 clean records
2026-06-15 19:36:42,885 | INFO | Skipping empty bad records file for category: duplicates
2026-06-15 19:36:42,886 | INFO | Skipping empty bad records file for category: duplicate_primary_keys
2026-06-15 19:36:42,904 | INFO | Skipping empty bad records file for category: mixed_types
2026-06-15 19:36:42,904 | INFO | Skipping empty bad records file for category: invalid_dates
2026-06-15 19:36:42,914 | INFO | Skipping empty bad records file for category: negative_values
2026-06-15 19:36:42,914 | INFO | Skipping empty bad records file for category: special_characters
2026-06-15 19:36:42,915 | INFO | Skipping empty bad records file for category: missing_mandatory_columns
2026-06-15 19:36:42,915 | INFO | Skipping empty bad records file for category: mandatory_field_violations
2026-06-15 19:36:42,915 | INFO | Skipping empty bad records file for category: datatype_violations
2026-06-15 19:36:42,915 | INFO | Skipping empty bad records file for category: range_violations
2026-06-15 19:36:42,925 | INFO | Skipping empty bad records file for category: allowed_value_violations
2026-06-15 19:36:42,925 | INFO | Skipping empty bad records file for category: referential_integrity
2026-06-15 19:36:42,926 | INFO | Skipping empty bad records file for category: business_rule_violations
2026-06-15 19:36:42,926 | INFO | Bad record files: 4 created, 13 skipped (no issues found)
2026-06-15 19:36:42,931 | INFO | Cleansing log saved: 2 operations logged
2026-06-15 19:36:43,738 | INFO | Aggregated metrics saved
2026-06-15 19:36:43,754 | INFO | Executive summary report generated
2026-06-15 19:36:43,755 | INFO | Generating executive dashboard...
2026-06-15 19:36:43,767 | INFO | Executive dashboard saved to: C:\Users\000QVU744\BoB\DQ_Analysis_code\dq_web_app\reports\5888ec8c\dq_executive_dashboard.html
2026-06-15 19:36:43,768 | INFO | Data quality analysis completed successfully
