2026-06-15 18:48:26,320 | INFO | Starting ENHANCED data quality analysis
2026-06-15 18:48:26,320 | INFO | Features: DB connectivity, Multi-format support, Dashboard, Aggregation, Newline fixing
2026-06-15 18:48:26,320 | INFO | Loading input file: C:\Users\000QVU744\BoB\DQ_Analysis_code\dq_web_app\uploads\daec405d_DQ_Test_20K.csv
2026-06-15 18:48:26,915 | INFO | Loaded dataset with 20000 rows and 7 columns
2026-06-15 18:48:26,916 | INFO | Calculating baseline quality score on original data...
2026-06-15 18:48:27,904 | INFO | Good records: 19000, Bad records: 1000
2026-06-15 18:48:27,906 | INFO | Baseline quality score: 95.00%
2026-06-15 18:48:29,554 | INFO | Good records: 19000, Bad records: 1000
2026-06-15 18:48:29,820 | INFO | Good records file created: 19000 clean records
2026-06-15 18:48:29,868 | INFO | Skipping empty bad records file for category: duplicates
2026-06-15 18:48:29,870 | INFO | Skipping empty bad records file for category: duplicate_primary_keys
2026-06-15 18:48:29,872 | INFO | Skipping empty bad records file for category: mixed_types
2026-06-15 18:48:29,872 | INFO | Skipping empty bad records file for category: invalid_dates
2026-06-15 18:48:29,897 | INFO | Skipping empty bad records file for category: special_characters
2026-06-15 18:48:29,897 | INFO | Skipping empty bad records file for category: missing_mandatory_columns
2026-06-15 18:48:29,897 | INFO | Skipping empty bad records file for category: mandatory_field_violations
2026-06-15 18:48:29,897 | INFO | Skipping empty bad records file for category: datatype_violations
2026-06-15 18:48:29,918 | INFO | Skipping empty bad records file for category: allowed_value_violations
2026-06-15 18:48:29,918 | INFO | Skipping empty bad records file for category: referential_integrity
2026-06-15 18:48:29,918 | INFO | Skipping empty bad records file for category: business_rule_violations
2026-06-15 18:48:29,919 | INFO | Bad record files: 6 created, 11 skipped (no issues found)
2026-06-15 18:48:31,085 | INFO | Aggregated metrics saved
2026-06-15 18:48:31,104 | INFO | Executive summary report generated
2026-06-15 18:48:31,104 | INFO | Generating executive dashboard...
2026-06-15 18:48:31,114 | INFO | Executive dashboard saved to: C:\Users\000QVU744\BoB\DQ_Analysis_code\dq_web_app\reports\daec405d\dq_executive_dashboard.html
2026-06-15 18:48:31,115 | INFO | Data quality analysis completed successfully
