2026-06-19 18:26:53,777 | INFO | Starting ENHANCED data quality analysis
2026-06-19 18:26:53,777 | INFO | Features: DB connectivity, Multi-format support, Dashboard, Aggregation, Newline fixing
2026-06-19 18:26:53,777 | INFO | Loading input file: C:\Users\000QVU744\BoB\DQ_Analysis_code\dq_web_app\uploads\18fd05dd_DQ_Test_20K.csv
2026-06-19 18:26:54,070 | INFO | Loaded dataset with 20000 rows and 7 columns
2026-06-19 18:26:54,070 | INFO | Calculating baseline quality score on original data...
2026-06-19 18:26:54,543 | INFO | Good records: 19000, Bad records: 1000
2026-06-19 18:26:54,547 | INFO | Baseline quality score: 95.00%
2026-06-19 18:26:54,547 | INFO | Applying data cleansing...
2026-06-19 18:26:54,549 | INFO | Starting data cleansing process...
2026-06-19 18:26:54,578 | INFO | Normalized emails in EMAIL: 150 records
2026-06-19 18:26:54,623 | INFO | Fixed negative values in SALARY: 100 records
2026-06-19 18:26:54,663 | INFO | Data cleansing completed: 2 operations, 250 total records affected
2026-06-19 18:26:54,664 | INFO | Original records: 20000, Cleansed records: 20000
2026-06-19 18:26:54,664 | INFO | Data cleansing completed. Records: 20000 -> 20000
2026-06-19 18:26:54,767 | INFO | Cleansed data saved to: C:\Users\000QVU744\BoB\DQ_Analysis_code\dq_web_app\reports\18fd05dd\cleansed_data.csv
2026-06-19 18:26:54,767 | INFO | Calculating quality score on cleansed data...
2026-06-19 18:26:55,129 | INFO | Good records: 19050, Bad records: 950
2026-06-19 18:26:55,133 | INFO | Quality score after cleansing: 95.25%
2026-06-19 18:26:55,133 | INFO | Quality improvement: +0.25%
2026-06-19 18:26:55,908 | INFO | Good records: 19050, Bad records: 950
2026-06-19 18:26:56,035 | INFO | Good records file created: 19050 clean records
2026-06-19 18:26:56,053 | INFO | Skipping empty bad records file for category: duplicates
2026-06-19 18:26:56,053 | INFO | Skipping empty bad records file for category: duplicate_primary_keys
2026-06-19 18:26:56,058 | INFO | Skipping empty bad records file for category: mixed_types
2026-06-19 18:26:56,058 | INFO | Skipping empty bad records file for category: invalid_dates
2026-06-19 18:26:56,064 | INFO | Skipping empty bad records file for category: negative_values
2026-06-19 18:26:56,064 | INFO | Skipping empty bad records file for category: special_characters
2026-06-19 18:26:56,064 | INFO | Skipping empty bad records file for category: missing_mandatory_columns
2026-06-19 18:26:56,064 | INFO | Skipping empty bad records file for category: mandatory_field_violations
2026-06-19 18:26:56,064 | INFO | Skipping empty bad records file for category: datatype_violations
2026-06-19 18:26:56,064 | INFO | Skipping empty bad records file for category: range_violations
2026-06-19 18:26:56,069 | INFO | Skipping empty bad records file for category: allowed_value_violations
2026-06-19 18:26:56,069 | INFO | Skipping empty bad records file for category: referential_integrity
2026-06-19 18:26:56,070 | INFO | Skipping empty bad records file for category: business_rule_violations
2026-06-19 18:26:56,070 | INFO | Bad record files: 4 created, 13 skipped (no issues found)
2026-06-19 18:26:56,071 | INFO | Cleansing log saved: 2 operations logged
2026-06-19 18:26:56,769 | INFO | Aggregated metrics saved
2026-06-19 18:26:56,780 | INFO | Executive summary report generated
2026-06-19 18:26:56,781 | INFO | Generating executive dashboard...
2026-06-19 18:26:56,792 | INFO | Executive dashboard saved to: C:\Users\000QVU744\BoB\DQ_Analysis_code\dq_web_app\reports\18fd05dd\dq_executive_dashboard.html
2026-06-19 18:26:56,795 | INFO | Data quality analysis completed successfully
