2026-06-15 19:41:13,343 | INFO | Starting ENHANCED data quality analysis
2026-06-15 19:41:13,343 | INFO | Features: DB connectivity, Multi-format support, Dashboard, Aggregation, Newline fixing
2026-06-15 19:41:13,343 | INFO | Loading input file: C:\Users\000QVU744\BoB\DQ_Analysis_code\dq_web_app\uploads\40cfa621_DQ_Test_20K.csv
2026-06-15 19:41:13,595 | INFO | Loaded dataset with 20000 rows and 7 columns
2026-06-15 19:41:13,595 | INFO | Calculating baseline quality score on original data...
2026-06-15 19:41:14,080 | INFO | Good records: 19000, Bad records: 1000
2026-06-15 19:41:14,088 | INFO | Baseline quality score: 95.00%
2026-06-15 19:41:14,089 | INFO | Applying data cleansing...
2026-06-15 19:41:14,092 | INFO | Starting data cleansing process...
2026-06-15 19:41:14,130 | INFO | Normalized emails in EMAIL: 150 records
2026-06-15 19:41:14,211 | INFO | Fixed negative values in SALARY: 100 records
2026-06-15 19:41:14,264 | INFO | Data cleansing completed: 2 operations, 250 total records affected
2026-06-15 19:41:14,265 | INFO | Original records: 20000, Cleansed records: 20000
2026-06-15 19:41:14,265 | INFO | Data cleansing completed. Records: 20000 -> 20000
2026-06-15 19:41:14,441 | INFO | Cleansed data saved to: C:\Users\000QVU744\BoB\DQ_Analysis_code\dq_web_app\reports\40cfa621\cleansed_data.csv
2026-06-15 19:41:14,442 | INFO | Calculating quality score on cleansed data...
2026-06-15 19:41:15,273 | INFO | Good records: 19050, Bad records: 950
2026-06-15 19:41:15,282 | INFO | Quality score after cleansing: 95.25%
2026-06-15 19:41:15,282 | INFO | Quality improvement: +0.25%
2026-06-15 19:41:16,611 | INFO | Good records: 19050, Bad records: 950
2026-06-15 19:41:16,892 | INFO | Good records file created: 19050 clean records
2026-06-15 19:41:16,927 | INFO | Skipping empty bad records file for category: duplicates
2026-06-15 19:41:16,928 | INFO | Skipping empty bad records file for category: duplicate_primary_keys
2026-06-15 19:41:16,939 | INFO | Skipping empty bad records file for category: mixed_types
2026-06-15 19:41:16,940 | INFO | Skipping empty bad records file for category: invalid_dates
2026-06-15 19:41:16,949 | INFO | Skipping empty bad records file for category: negative_values
2026-06-15 19:41:16,949 | INFO | Skipping empty bad records file for category: special_characters
2026-06-15 19:41:16,950 | INFO | Skipping empty bad records file for category: missing_mandatory_columns
2026-06-15 19:41:16,950 | INFO | Skipping empty bad records file for category: mandatory_field_violations
2026-06-15 19:41:16,950 | INFO | Skipping empty bad records file for category: datatype_violations
2026-06-15 19:41:16,950 | INFO | Skipping empty bad records file for category: range_violations
2026-06-15 19:41:16,962 | INFO | Skipping empty bad records file for category: allowed_value_violations
2026-06-15 19:41:16,962 | INFO | Skipping empty bad records file for category: referential_integrity
2026-06-15 19:41:16,962 | INFO | Skipping empty bad records file for category: business_rule_violations
2026-06-15 19:41:16,963 | INFO | Bad record files: 4 created, 13 skipped (no issues found)
2026-06-15 19:41:16,967 | INFO | Cleansing log saved: 2 operations logged
2026-06-15 19:41:17,805 | INFO | Aggregated metrics saved
2026-06-15 19:41:17,820 | INFO | Executive summary report generated
2026-06-15 19:41:17,821 | INFO | Generating executive dashboard...
2026-06-15 19:41:17,830 | INFO | Executive dashboard saved to: C:\Users\000QVU744\BoB\DQ_Analysis_code\dq_web_app\reports\40cfa621\dq_executive_dashboard.html
2026-06-15 19:41:17,832 | INFO | Data quality analysis completed successfully
