2026-06-19 15:50:50,629 | INFO | Starting ENHANCED data quality analysis
2026-06-19 15:50:50,629 | INFO | Features: DB connectivity, Multi-format support, Dashboard, Aggregation, Newline fixing
2026-06-19 15:50:50,629 | INFO | Loading data from database...
2026-06-19 15:50:50,629 | INFO | Connecting to oracle database...
2026-06-19 15:50:50,912 | INFO | Successfully loaded 54 rows from database
2026-06-19 15:50:50,926 | INFO | Loaded dataset with 54 rows and 18 columns
2026-06-19 15:50:50,926 | INFO | Calculating baseline quality score on original data...
2026-06-19 15:50:50,973 | INFO | Good records: 33, Bad records: 21
2026-06-19 15:50:50,976 | INFO | Baseline quality score: 61.11%
2026-06-19 15:50:51,076 | INFO | Good records: 33, Bad records: 21
2026-06-19 15:50:51,110 | INFO | Good records file created: 33 clean records
2026-06-19 15:50:51,115 | INFO | Skipping empty bad records file for category: duplicates
2026-06-19 15:50:51,117 | INFO | Skipping empty bad records file for category: duplicate_primary_keys
2026-06-19 15:50:51,117 | INFO | Skipping empty bad records file for category: mixed_types
2026-06-19 15:50:51,117 | INFO | Skipping empty bad records file for category: invalid_dates
2026-06-19 15:50:51,117 | INFO | Skipping empty bad records file for category: negative_values
2026-06-19 15:50:51,117 | INFO | Skipping empty bad records file for category: special_characters
2026-06-19 15:50:51,117 | INFO | Skipping empty bad records file for category: missing_mandatory_columns
2026-06-19 15:50:51,117 | INFO | Skipping empty bad records file for category: mandatory_field_violations
2026-06-19 15:50:51,117 | INFO | Skipping empty bad records file for category: datatype_violations
2026-06-19 15:50:51,117 | INFO | Skipping empty bad records file for category: range_violations
2026-06-19 15:50:51,117 | INFO | Skipping empty bad records file for category: allowed_value_violations
2026-06-19 15:50:51,124 | INFO | Skipping empty bad records file for category: referential_integrity
2026-06-19 15:50:51,124 | INFO | Skipping empty bad records file for category: business_rule_violations
2026-06-19 15:50:51,124 | INFO | Bad record files: 4 created, 13 skipped (no issues found)
2026-06-19 15:50:51,447 | INFO | Aggregated metrics saved
2026-06-19 15:50:51,457 | INFO | Executive summary report generated
2026-06-19 15:50:51,459 | INFO | Generating executive dashboard...
2026-06-19 15:50:51,460 | INFO | Executive dashboard saved to: C:\Users\000QVU744\BoB\DQ_Analysis_code\dq_web_app\reports\2eac7010\dq_executive_dashboard.html
2026-06-19 15:50:51,464 | INFO | Data quality analysis completed successfully
