2026-06-16 16:58:20,402 | INFO | Starting ENHANCED data quality analysis
2026-06-16 16:58:20,402 | INFO | Features: DB connectivity, Multi-format support, Dashboard, Aggregation, Newline fixing
2026-06-16 16:58:20,402 | INFO | Loading data from database...
2026-06-16 16:58:20,402 | INFO | Connecting to oracle database...
2026-06-16 16:58:20,725 | INFO | Successfully loaded 12 rows from database
2026-06-16 16:58:20,742 | INFO | Loaded dataset with 12 rows and 10 columns
2026-06-16 16:58:20,742 | INFO | Calculating baseline quality score on original data...
2026-06-16 16:58:20,915 | INFO | Good records: 5, Bad records: 7
2026-06-16 16:58:20,924 | INFO | Baseline quality score: 41.67%
2026-06-16 16:58:21,158 | INFO | Good records: 5, Bad records: 7
2026-06-16 16:58:21,276 | INFO | Good records file created: 5 clean records
2026-06-16 16:58:21,290 | INFO | Skipping empty bad records file for category: duplicates
2026-06-16 16:58:21,292 | INFO | Skipping empty bad records file for category: duplicate_primary_keys
2026-06-16 16:58:21,298 | INFO | Skipping empty bad records file for category: mixed_types
2026-06-16 16:58:21,298 | INFO | Skipping empty bad records file for category: invalid_dates
2026-06-16 16:58:21,305 | INFO | Skipping empty bad records file for category: negative_values
2026-06-16 16:58:21,307 | INFO | Skipping empty bad records file for category: special_characters
2026-06-16 16:58:21,307 | INFO | Skipping empty bad records file for category: missing_mandatory_columns
2026-06-16 16:58:21,307 | INFO | Skipping empty bad records file for category: mandatory_field_violations
2026-06-16 16:58:21,308 | INFO | Skipping empty bad records file for category: datatype_violations
2026-06-16 16:58:21,308 | INFO | Skipping empty bad records file for category: range_violations
2026-06-16 16:58:21,314 | INFO | Skipping empty bad records file for category: allowed_value_violations
2026-06-16 16:58:21,314 | INFO | Skipping empty bad records file for category: referential_integrity
2026-06-16 16:58:21,314 | INFO | Skipping empty bad records file for category: business_rule_violations
2026-06-16 16:58:21,314 | INFO | Bad record files: 4 created, 13 skipped (no issues found)
2026-06-16 16:58:22,607 | INFO | Aggregated metrics saved
2026-06-16 16:58:22,629 | INFO | Executive summary report generated
2026-06-16 16:58:22,633 | INFO | Generating executive dashboard...
2026-06-16 16:58:22,643 | INFO | Executive dashboard saved to: C:\Users\000QVU744\BoB\DQ_Analysis_code\dq_web_app\reports\dfbf3cc1\dq_executive_dashboard.html
2026-06-16 16:58:22,643 | INFO | Data quality analysis completed successfully
