2026-06-16 19:34:02,846 | INFO | Starting ENHANCED data quality analysis
2026-06-16 19:34:02,847 | INFO | Features: DB connectivity, Multi-format support, Dashboard, Aggregation, Newline fixing
2026-06-16 19:34:02,847 | INFO | Loading input file: C:\Users\000QVU744\BoB\DQ_Analysis_code\dq_web_app\uploads\32aef1be_DQ_Test_20K.csv
2026-06-16 19:34:04,058 | INFO | Loaded dataset with 20000 rows and 7 columns
2026-06-16 19:34:04,059 | INFO | Calculating baseline quality score on original data...
2026-06-16 19:34:05,137 | INFO | Good records: 19000, Bad records: 1000
2026-06-16 19:34:05,149 | INFO | Baseline quality score: 95.00%
2026-06-16 19:34:05,150 | INFO | Applying data cleansing...
2026-06-16 19:34:05,153 | INFO | Starting data cleansing process...
2026-06-16 19:34:05,211 | INFO | Normalized emails in EMAIL: 150 records
2026-06-16 19:34:05,317 | INFO | Fixed negative values in SALARY: 100 records
2026-06-16 19:34:05,378 | INFO | Data cleansing completed: 2 operations, 250 total records affected
2026-06-16 19:34:05,378 | INFO | Original records: 20000, Cleansed records: 20000
2026-06-16 19:34:05,378 | INFO | Data cleansing completed. Records: 20000 -> 20000
2026-06-16 19:34:05,618 | INFO | Cleansed data saved to: C:\Users\000QVU744\BoB\DQ_Analysis_code\dq_web_app\reports\32aef1be\cleansed_data.csv
2026-06-16 19:34:05,618 | INFO | Calculating quality score on cleansed data...
2026-06-16 19:34:06,550 | INFO | Good records: 19050, Bad records: 950
2026-06-16 19:34:06,556 | INFO | Quality score after cleansing: 95.25%
2026-06-16 19:34:06,556 | INFO | Quality improvement: +0.25%
2026-06-16 19:34:08,202 | INFO | Good records: 19050, Bad records: 950
2026-06-16 19:34:08,544 | INFO | Good records file created: 19050 clean records
2026-06-16 19:34:08,591 | INFO | Skipping empty bad records file for category: duplicates
2026-06-16 19:34:08,591 | INFO | Skipping empty bad records file for category: duplicate_primary_keys
2026-06-16 19:34:08,607 | INFO | Skipping empty bad records file for category: mixed_types
2026-06-16 19:34:08,607 | INFO | Skipping empty bad records file for category: invalid_dates
2026-06-16 19:34:08,614 | INFO | Skipping empty bad records file for category: negative_values
2026-06-16 19:34:08,615 | INFO | Skipping empty bad records file for category: special_characters
2026-06-16 19:34:08,615 | INFO | Skipping empty bad records file for category: missing_mandatory_columns
2026-06-16 19:34:08,615 | INFO | Skipping empty bad records file for category: mandatory_field_violations
2026-06-16 19:34:08,615 | INFO | Skipping empty bad records file for category: datatype_violations
2026-06-16 19:34:08,615 | INFO | Skipping empty bad records file for category: range_violations
2026-06-16 19:34:08,630 | INFO | Skipping empty bad records file for category: allowed_value_violations
2026-06-16 19:34:08,631 | INFO | Skipping empty bad records file for category: referential_integrity
2026-06-16 19:34:08,632 | INFO | Skipping empty bad records file for category: business_rule_violations
2026-06-16 19:34:08,632 | INFO | Bad record files: 4 created, 13 skipped (no issues found)
2026-06-16 19:34:08,636 | INFO | Cleansing log saved: 2 operations logged
2026-06-16 19:34:10,122 | INFO | Aggregated metrics saved
2026-06-16 19:34:10,146 | INFO | Executive summary report generated
2026-06-16 19:34:10,147 | INFO | Generating executive dashboard...
2026-06-16 19:34:10,160 | INFO | Executive dashboard saved to: C:\Users\000QVU744\BoB\DQ_Analysis_code\dq_web_app\reports\32aef1be\dq_executive_dashboard.html
2026-06-16 19:34:10,163 | INFO | Data quality analysis completed successfully
