2026-06-16 16:20:03,094 | INFO | Starting ENHANCED data quality analysis
2026-06-16 16:20:03,094 | INFO | Features: DB connectivity, Multi-format support, Dashboard, Aggregation, Newline fixing
2026-06-16 16:20:03,099 | INFO | Loading input file: C:\Users\000QVU744\BoB\DQ_Analysis_code\dq_web_app\uploads\29230694_EMP_DATA_test.csv
2026-06-16 16:20:03,125 | INFO | Loaded dataset with 6 rows and 4 columns
2026-06-16 16:20:03,125 | INFO | Calculating baseline quality score on original data...
2026-06-16 16:20:03,218 | INFO | Good records: 4, Bad records: 2
2026-06-16 16:20:03,232 | INFO | Baseline quality score: 66.67%
2026-06-16 16:20:03,239 | INFO | Applying data cleansing...
2026-06-16 16:20:03,239 | INFO | Starting data cleansing process...
2026-06-16 16:20:03,251 | INFO | Data cleansing completed: 0 operations, 0 total records affected
2026-06-16 16:20:03,257 | INFO | Original records: 6, Cleansed records: 6
2026-06-16 16:20:03,257 | INFO | Data cleansing completed. Records: 6 -> 6
2026-06-16 16:20:03,307 | INFO | Cleansed data saved to: C:\Users\000QVU744\BoB\DQ_Analysis_code\dq_web_app\reports\29230694\cleansed_data.csv
2026-06-16 16:20:03,307 | INFO | Calculating quality score on cleansed data...
2026-06-16 16:20:03,483 | INFO | Good records: 4, Bad records: 2
2026-06-16 16:20:03,514 | INFO | Quality score after cleansing: 66.67%
2026-06-16 16:20:03,514 | INFO | Quality improvement: +0.00%
2026-06-16 16:20:03,629 | INFO | Good records: 4, Bad records: 2
2026-06-16 16:20:03,776 | INFO | Good records file created: 4 clean records
2026-06-16 16:20:03,781 | INFO | Skipping empty bad records file for category: null_blank
2026-06-16 16:20:03,781 | INFO | Skipping empty bad records file for category: duplicates
2026-06-16 16:20:03,781 | INFO | Skipping empty bad records file for category: duplicate_primary_keys
2026-06-16 16:20:03,781 | INFO | Skipping empty bad records file for category: outliers
2026-06-16 16:20:03,781 | INFO | Skipping empty bad records file for category: mixed_types
2026-06-16 16:20:03,789 | INFO | Skipping empty bad records file for category: invalid_emails
2026-06-16 16:20:03,791 | INFO | Skipping empty bad records file for category: negative_values
2026-06-16 16:20:03,791 | INFO | Skipping empty bad records file for category: special_characters
2026-06-16 16:20:03,791 | INFO | Skipping empty bad records file for category: missing_mandatory_columns
2026-06-16 16:20:03,791 | INFO | Skipping empty bad records file for category: mandatory_field_violations
2026-06-16 16:20:03,791 | INFO | Skipping empty bad records file for category: datatype_violations
2026-06-16 16:20:03,791 | INFO | Skipping empty bad records file for category: range_violations
2026-06-16 16:20:03,791 | INFO | Skipping empty bad records file for category: pattern_violations
2026-06-16 16:20:03,791 | INFO | Skipping empty bad records file for category: allowed_value_violations
2026-06-16 16:20:03,791 | INFO | Skipping empty bad records file for category: referential_integrity
2026-06-16 16:20:03,791 | INFO | Skipping empty bad records file for category: business_rule_violations
2026-06-16 16:20:03,791 | INFO | Bad record files: 1 created, 16 skipped (no issues found)
2026-06-16 16:20:05,277 | INFO | Aggregated metrics saved
2026-06-16 16:20:05,296 | INFO | Executive summary report generated
2026-06-16 16:20:05,296 | INFO | Generating executive dashboard...
2026-06-16 16:20:05,314 | INFO | Executive dashboard saved to: C:\Users\000QVU744\BoB\DQ_Analysis_code\dq_web_app\reports\29230694\dq_executive_dashboard.html
2026-06-16 16:20:05,314 | INFO | Data quality analysis completed successfully
