2026-06-16 10:55:47,848 | INFO | Starting ENHANCED data quality analysis
2026-06-16 10:55:47,848 | INFO | Features: DB connectivity, Multi-format support, Dashboard, Aggregation, Newline fixing
2026-06-16 10:55:47,849 | INFO | Loading input file: C:\Users\000QVU744\BoB\DQ_Analysis_code\dq_web_app\uploads\6fbd1704_EMP_DATA_test.csv
2026-06-16 10:55:47,866 | INFO | Loaded dataset with 6 rows and 4 columns
2026-06-16 10:55:47,867 | INFO | Calculating baseline quality score on original data...
2026-06-16 10:55:47,888 | INFO | All 6 records are clean (no issues found)
2026-06-16 10:55:47,895 | INFO | Baseline quality score: 100.00%
2026-06-16 10:55:47,896 | INFO | Applying data cleansing...
2026-06-16 10:55:47,896 | INFO | Starting data cleansing process...
2026-06-16 10:55:47,905 | INFO | Data cleansing completed: 0 operations, 0 total records affected
2026-06-16 10:55:47,906 | INFO | Original records: 6, Cleansed records: 6
2026-06-16 10:55:47,906 | INFO | Data cleansing completed. Records: 6 -> 6
2026-06-16 10:55:47,915 | INFO | Cleansed data saved to: C:\Users\000QVU744\BoB\DQ_Analysis_code\dq_web_app\reports\6fbd1704\cleansed_data.csv
2026-06-16 10:55:47,915 | INFO | Calculating quality score on cleansed data...
2026-06-16 10:55:47,934 | INFO | All 6 records are clean (no issues found)
2026-06-16 10:55:47,939 | INFO | Quality score after cleansing: 100.00%
2026-06-16 10:55:47,939 | INFO | Quality improvement: +0.00%
2026-06-16 10:55:48,003 | INFO | All 6 records are clean (no issues found)
2026-06-16 10:55:48,093 | INFO | Good records file created: 6 clean records
2026-06-16 10:55:48,094 | INFO | Skipping empty file: dq_all_bad_records.csv
2026-06-16 10:55:48,095 | INFO | Skipping empty bad records file for category: null_blank
2026-06-16 10:55:48,095 | INFO | Skipping empty bad records file for category: duplicates
2026-06-16 10:55:48,096 | INFO | Skipping empty bad records file for category: duplicate_primary_keys
2026-06-16 10:55:48,096 | INFO | Skipping empty bad records file for category: outliers
2026-06-16 10:55:48,096 | INFO | Skipping empty bad records file for category: mixed_types
2026-06-16 10:55:48,096 | INFO | Skipping empty bad records file for category: invalid_dates
2026-06-16 10:55:48,097 | INFO | Skipping empty bad records file for category: invalid_emails
2026-06-16 10:55:48,098 | INFO | Skipping empty bad records file for category: negative_values
2026-06-16 10:55:48,098 | INFO | Skipping empty bad records file for category: special_characters
2026-06-16 10:55:48,099 | INFO | Skipping empty bad records file for category: missing_mandatory_columns
2026-06-16 10:55:48,099 | INFO | Skipping empty bad records file for category: mandatory_field_violations
2026-06-16 10:55:48,099 | INFO | Skipping empty bad records file for category: datatype_violations
2026-06-16 10:55:48,099 | INFO | Skipping empty bad records file for category: range_violations
2026-06-16 10:55:48,099 | INFO | Skipping empty bad records file for category: pattern_violations
2026-06-16 10:55:48,099 | INFO | Skipping empty bad records file for category: allowed_value_violations
2026-06-16 10:55:48,099 | INFO | Skipping empty bad records file for category: referential_integrity
2026-06-16 10:55:48,101 | INFO | Skipping empty bad records file for category: business_rule_violations
2026-06-16 10:55:48,101 | INFO | Bad record files: 0 created, 17 skipped (no issues found)
2026-06-16 10:55:49,105 | INFO | Aggregated metrics saved
2026-06-16 10:55:49,121 | INFO | Executive summary report generated
2026-06-16 10:55:49,121 | INFO | Generating executive dashboard...
2026-06-16 10:55:49,132 | INFO | Executive dashboard saved to: C:\Users\000QVU744\BoB\DQ_Analysis_code\dq_web_app\reports\6fbd1704\dq_executive_dashboard.html
2026-06-16 10:55:49,135 | INFO | Data quality analysis completed successfully
