2026-06-16 15:13:27,407 | INFO | Starting ENHANCED data quality analysis
2026-06-16 15:13:27,408 | INFO | Features: DB connectivity, Multi-format support, Dashboard, Aggregation, Newline fixing
2026-06-16 15:13:27,409 | INFO | Loading input file: C:\Users\000QVU744\BoB\DQ_Analysis_code\dq_web_app\uploads\8441632e_sample_data_quality_input.csv
2026-06-16 15:13:27,439 | INFO | Loaded dataset with 10 rows and 8 columns
2026-06-16 15:13:27,439 | INFO | Calculating baseline quality score on original data...
2026-06-16 15:13:27,727 | INFO | Good records: 1, Bad records: 9
2026-06-16 15:13:27,732 | INFO | Baseline quality score: 10.00%
2026-06-16 15:13:27,733 | INFO | Applying data cleansing...
2026-06-16 15:13:27,733 | INFO | Starting data cleansing process...
2026-06-16 15:13:27,738 | INFO | Normalized emails in EMAIL: 2 records
2026-06-16 15:13:27,741 | INFO | Converted CUSTOMER_ID to numeric: 1 records affected
2026-06-16 15:13:27,744 | INFO | Converted AGE to numeric: 10 records affected
2026-06-16 15:13:27,746 | INFO | Converted SALARY to numeric: 10 records affected
2026-06-16 15:13:27,750 | INFO | Converted JOIN_DATE to date: 3 invalid dates found
2026-06-16 15:13:27,754 | INFO | Fixed negative values in AGE: 1 records
2026-06-16 15:13:27,756 | INFO | Fixed negative values in SALARY: 1 records
2026-06-16 15:13:27,760 | INFO | Enforced allowed values in STATUS: 2 invalid values set to NaN
2026-06-16 15:13:27,767 | INFO | Enforced allowed values in COUNTRY_CODE: 2 invalid values set to NaN
2026-06-16 15:13:27,770 | INFO | Applied range constraints to AGE: 1 records clipped
2026-06-16 15:13:27,771 | INFO | Applied range constraints to SALARY: 1 records clipped
2026-06-16 15:13:27,786 | INFO | Removed 1 records with duplicate primary keys
2026-06-16 15:13:27,788 | INFO | Data cleansing completed: 12 operations, 35 total records affected
2026-06-16 15:13:27,788 | INFO | Original records: 10, Cleansed records: 9
2026-06-16 15:13:27,790 | INFO | Data cleansing completed. Records: 10 -> 9
2026-06-16 15:13:27,815 | INFO | Cleansed data saved to: C:\Users\000QVU744\BoB\DQ_Analysis_code\dq_web_app\reports\8441632e\cleansed_data.csv
2026-06-16 15:13:27,816 | INFO | Calculating quality score on cleansed data...
2026-06-16 15:13:27,963 | INFO | Good records: 1, Bad records: 8
2026-06-16 15:13:27,967 | INFO | Quality score after cleansing: 10.00%
2026-06-16 15:13:27,967 | INFO | Quality improvement: +0.00%
2026-06-16 15:13:28,133 | INFO | Good records: 1, Bad records: 8
2026-06-16 15:13:28,205 | INFO | Good records file created: 1 clean records
2026-06-16 15:13:28,214 | INFO | Skipping empty bad records file for category: duplicates
2026-06-16 15:13:28,214 | INFO | Skipping empty bad records file for category: duplicate_primary_keys
2026-06-16 15:13:28,217 | INFO | Skipping empty bad records file for category: mixed_types
2026-06-16 15:13:28,217 | INFO | Skipping empty bad records file for category: invalid_dates
2026-06-16 15:13:28,222 | INFO | Skipping empty bad records file for category: negative_values
2026-06-16 15:13:28,222 | INFO | Skipping empty bad records file for category: special_characters
2026-06-16 15:13:28,223 | INFO | Skipping empty bad records file for category: missing_mandatory_columns
2026-06-16 15:13:28,223 | INFO | Skipping empty bad records file for category: mandatory_field_violations
2026-06-16 15:13:28,223 | INFO | Skipping empty bad records file for category: datatype_violations
2026-06-16 15:13:28,223 | INFO | Skipping empty bad records file for category: range_violations
2026-06-16 15:13:28,228 | INFO | Skipping empty bad records file for category: allowed_value_violations
2026-06-16 15:13:28,228 | INFO | Skipping empty bad records file for category: referential_integrity
2026-06-16 15:13:28,232 | INFO | Bad record files: 5 created, 12 skipped (no issues found)
2026-06-16 15:13:28,234 | INFO | Cleansing log saved: 12 operations logged
2026-06-16 15:13:29,290 | INFO | Aggregated metrics saved
2026-06-16 15:13:29,300 | INFO | Executive summary report generated
2026-06-16 15:13:29,301 | INFO | Generating executive dashboard...
2026-06-16 15:13:29,313 | INFO | Executive dashboard saved to: C:\Users\000QVU744\BoB\DQ_Analysis_code\dq_web_app\reports\8441632e\dq_executive_dashboard.html
2026-06-16 15:13:29,313 | INFO | Data quality analysis completed successfully
