2026-06-16 10:58:36,494 | INFO | Starting ENHANCED data quality analysis
2026-06-16 10:58:36,494 | INFO | Features: DB connectivity, Multi-format support, Dashboard, Aggregation, Newline fixing
2026-06-16 10:58:36,495 | INFO | Loading input file: C:\Users\000QVU744\BoB\DQ_Analysis_code\dq_web_app\uploads\22ebff42_EMP_DATA_test.csv
2026-06-16 10:58:36,513 | INFO | Loaded dataset with 6 rows and 4 columns
2026-06-16 10:58:36,513 | INFO | Calculating baseline quality score on original data...
2026-06-16 10:58:36,557 | INFO | Good records: 4, Bad records: 2
2026-06-16 10:58:36,568 | INFO | Baseline quality score: 66.67%
2026-06-16 10:58:36,569 | INFO | Applying data cleansing...
2026-06-16 10:58:36,570 | INFO | Starting data cleansing process...
2026-06-16 10:58:36,574 | INFO | Data cleansing completed: 0 operations, 0 total records affected
2026-06-16 10:58:36,574 | INFO | Original records: 6, Cleansed records: 6
2026-06-16 10:58:36,574 | INFO | Data cleansing completed. Records: 6 -> 6
2026-06-16 10:58:36,584 | INFO | Cleansed data saved to: C:\Users\000QVU744\BoB\DQ_Analysis_code\dq_web_app\reports\22ebff42\cleansed_data.csv
2026-06-16 10:58:36,585 | INFO | Calculating quality score on cleansed data...
2026-06-16 10:58:36,621 | INFO | Good records: 4, Bad records: 2
2026-06-16 10:58:36,628 | INFO | Quality score after cleansing: 66.67%
2026-06-16 10:58:36,629 | INFO | Quality improvement: +0.00%
2026-06-16 10:58:36,696 | INFO | Good records: 4, Bad records: 2
2026-06-16 10:58:36,800 | INFO | Good records file created: 4 clean records
2026-06-16 10:58:36,806 | INFO | Skipping empty bad records file for category: null_blank
2026-06-16 10:58:36,806 | INFO | Skipping empty bad records file for category: duplicates
2026-06-16 10:58:36,807 | INFO | Skipping empty bad records file for category: duplicate_primary_keys
2026-06-16 10:58:36,807 | INFO | Skipping empty bad records file for category: outliers
2026-06-16 10:58:36,807 | INFO | Skipping empty bad records file for category: mixed_types
2026-06-16 10:58:36,813 | INFO | Skipping empty bad records file for category: invalid_emails
2026-06-16 10:58:36,814 | INFO | Skipping empty bad records file for category: negative_values
2026-06-16 10:58:36,814 | INFO | Skipping empty bad records file for category: special_characters
2026-06-16 10:58:36,814 | INFO | Skipping empty bad records file for category: missing_mandatory_columns
2026-06-16 10:58:36,815 | INFO | Skipping empty bad records file for category: mandatory_field_violations
2026-06-16 10:58:36,815 | INFO | Skipping empty bad records file for category: datatype_violations
2026-06-16 10:58:36,816 | INFO | Skipping empty bad records file for category: range_violations
2026-06-16 10:58:36,816 | INFO | Skipping empty bad records file for category: pattern_violations
2026-06-16 10:58:36,816 | INFO | Skipping empty bad records file for category: allowed_value_violations
2026-06-16 10:58:36,816 | INFO | Skipping empty bad records file for category: referential_integrity
2026-06-16 10:58:36,816 | INFO | Skipping empty bad records file for category: business_rule_violations
2026-06-16 10:58:36,816 | INFO | Bad record files: 1 created, 16 skipped (no issues found)
2026-06-16 10:58:37,827 | INFO | Aggregated metrics saved
2026-06-16 10:58:37,842 | INFO | Executive summary report generated
2026-06-16 10:58:37,843 | INFO | Generating executive dashboard...
2026-06-16 10:58:37,858 | INFO | Executive dashboard saved to: C:\Users\000QVU744\BoB\DQ_Analysis_code\dq_web_app\reports\22ebff42\dq_executive_dashboard.html
2026-06-16 10:58:37,861 | INFO | Data quality analysis completed successfully
